// Jest Snapshot v1, https://goo.gl/fbAQLP

exports[`Edit Expense Component should match snapshot 1`] = `
<div>
  <ExpenseForm
    expense={
      Object {
        "amount": 20000,
        "createdAt": 0,
        "description": "car",
        "id": "1",
        "note": "bought a car",
      }
    }
    onSubmit={[Function]}
  />
  <button
    onClick={[Function]}
  >
    Remove
  </button>
</div>
`;
